../Drivers/SSD1306/Src/ssd1306.c:24:6:ssd1306_Reset	4	static
../Drivers/SSD1306/Src/ssd1306.c:29:6:ssd1306_WriteCommand	32	static
../Drivers/SSD1306/Src/ssd1306.c:34:6:ssd1306_WriteData	32	static
../Drivers/SSD1306/Src/ssd1306.c:79:17:ssd1306_FillBuffer	24	static
../Drivers/SSD1306/Src/ssd1306.c:89:6:ssd1306_Init	8	static
../Drivers/SSD1306/Src/ssd1306.c:191:6:ssd1306_Fill	16	static
../Drivers/SSD1306/Src/ssd1306.c:196:6:ssd1306_UpdateScreen	16	static
../Drivers/SSD1306/Src/ssd1306.c:217:6:ssd1306_DrawPixel	16	static
../Drivers/SSD1306/Src/ssd1306.c:237:6:ssd1306_WriteChar	48	static
../Drivers/SSD1306/Src/ssd1306.c:274:6:ssd1306_WriteString	32	static
../Drivers/SSD1306/Src/ssd1306.c:288:6:ssd1306_SetCursor	16	static
../Drivers/SSD1306/Src/ssd1306.c:294:6:ssd1306_Line	48	static
../Drivers/SSD1306/Src/ssd1306.c:321:6:ssd1306_Polyline	40	static
../Drivers/SSD1306/Src/ssd1306.c:335:14:ssd1306_DegToRad	16	static
../Drivers/SSD1306/Src/ssd1306.c:340:17:ssd1306_NormalizeTo0_360	24	static
../Drivers/SSD1306/Src/ssd1306.c:356:6:ssd1306_DrawArc	64	static
../Drivers/SSD1306/Src/ssd1306.c:396:6:ssd1306_DrawArcWithRadiusLine	72	static
../Drivers/SSD1306/Src/ssd1306.c:439:6:ssd1306_DrawCircle	40	static
../Drivers/SSD1306/Src/ssd1306.c:474:6:ssd1306_FillCircle	48	static
../Drivers/SSD1306/Src/ssd1306.c:510:6:ssd1306_DrawRectangle	32	static
../Drivers/SSD1306/Src/ssd1306.c:520:6:ssd1306_FillRectangle	32	static
../Drivers/SSD1306/Src/ssd1306.c:534:17:ssd1306_InvertRectangle	32	static
../Drivers/SSD1306/Src/ssd1306.c:565:6:ssd1306_DrawBitmap	24	static
../Drivers/SSD1306/Src/ssd1306.c:589:6:ssd1306_SetContrast	24	static
../Drivers/SSD1306/Src/ssd1306.c:595:6:ssd1306_SetDisplayOn	24	static
../Drivers/SSD1306/Src/ssd1306.c:607:9:ssd1306_GetDisplayOn	4	static
../Drivers/SSD1306/Src/ssd1306.c:611:13:StartHorizontalScroll	16	static
../Drivers/SSD1306/Src/ssd1306.c:627:6:ssd1306_StartScrollLeft	8	static
../Drivers/SSD1306/Src/ssd1306.c:631:6:ssd1306_StartScrollRight	8	static
../Drivers/SSD1306/Src/ssd1306.c:636:6:ssd1306_StopScroll	8	static
