Archive member included to satisfy reference by file (symbol)

C:/ST/STM32CubeIDE_2.1.1/STM32CubeIDE/plugins/com.st.stm32cube.ide.mcu.externaltools.gnu-tools-for-stm32.14.3.rel1.win32_1.0.100.202602081740/tools/bin/../lib/gcc/arm-none-eabi/14.3.1/../../../../arm-none-eabi/lib/thumb/v7e-m+fp/hard\libc_nano.a(libc_a-exit.o)
                              C:/ST/STM32CubeIDE_2.1.1/STM32CubeIDE/plugins/com.st.stm32cube.ide.mcu.externaltools.gnu-tools-for-stm32.14.3.rel1.win32_1.0.100.202602081740/tools/bin/../lib/gcc/arm-none-eabi/14.3.1/../../../../arm-none-eabi/lib/thumb/v7e-m+fp/hard/crt0.o (exit)
C:/ST/STM32CubeIDE_2.1.1/STM32CubeIDE/plugins/com.st.stm32cube.ide.mcu.externaltools.gnu-tools-for-stm32.14.3.rel1.win32_1.0.100.202602081740/tools/bin/../lib/gcc/arm-none-eabi/14.3.1/../../../../arm-none-eabi/lib/thumb/v7e-m+fp/hard\libc_nano.a(libc_a-findfp.o)
                              C:/ST/STM32CubeIDE_2.1.1/STM32CubeIDE/plugins/com.st.stm32cube.ide.mcu.externaltools.gnu-tools-for-stm32.14.3.rel1.win32_1.0.100.202602081740/tools/bin/../lib/gcc/arm-none-eabi/14.3.1/../../../../arm-none-eabi/lib/thumb/v7e-m+fp/hard\libc_nano.a(libc_a-exit.o) (__stdio_exit_handler)
C:/ST/STM32CubeIDE_2.1.1/STM32CubeIDE/plugins/com.st.stm32cube.ide.mcu.externaltools.gnu-tools-for-stm32.14.3.rel1.win32_1.0.100.202602081740/tools/bin/../lib/gcc/arm-none-eabi/14.3.1/../../../../arm-none-eabi/lib/thumb/v7e-m+fp/hard\libc_nano.a(libc_a-fwalk.o)
                              C:/ST/STM32CubeIDE_2.1.1/STM32CubeIDE/plugins/com.st.stm32cube.ide.mcu.externaltools.gnu-tools-for-stm32.14.3.rel1.win32_1.0.100.202602081740/tools/bin/../lib/gcc/arm-none-eabi/14.3.1/../../../../arm-none-eabi/lib/thumb/v7e-m+fp/hard\libc_nano.a(libc_a-findfp.o) (_fwalk_sglue)
C:/ST/STM32CubeIDE_2.1.1/STM32CubeIDE/plugins/com.st.stm32cube.ide.mcu.externaltools.gnu-tools-for-stm32.14.3.rel1.win32_1.0.100.202602081740/tools/bin/../lib/gcc/arm-none-eabi/14.3.1/../../../../arm-none-eabi/lib/thumb/v7e-m+fp/hard\libc_nano.a(libc_a-stdio.o)
                              C:/ST/STM32CubeIDE_2.1.1/STM32CubeIDE/plugins/com.st.stm32cube.ide.mcu.externaltools.gnu-tools-for-stm32.14.3.rel1.win32_1.0.100.202602081740/tools/bin/../lib/gcc/arm-none-eabi/14.3.1/../../../../arm-none-eabi/lib/thumb/v7e-m+fp/hard\libc_nano.a(libc_a-findfp.o) (__sread)
C:/ST/STM32CubeIDE_2.1.1/STM32CubeIDE/plugins/com.st.stm32cube.ide.mcu.externaltools.gnu-tools-for-stm32.14.3.rel1.win32_1.0.100.202602081740/tools/bin/../lib/gcc/arm-none-eabi/14.3.1/../../../../arm-none-eabi/lib/thumb/v7e-m+fp/hard\libc_nano.a(libc_a-memset.o)
                              C:/ST/STM32CubeIDE_2.1.1/STM32CubeIDE/plugins/com.st.stm32cube.ide.mcu.externaltools.gnu-tools-for-stm32.14.3.rel1.win32_1.0.100.202602081740/tools/bin/../lib/gcc/arm-none-eabi/14.3.1/../../../../arm-none-eabi/lib/thumb/v7e-m+fp/hard/crt0.o (memset)
C:/ST/STM32CubeIDE_2.1.1/STM32CubeIDE/plugins/com.st.stm32cube.ide.mcu.externaltools.gnu-tools-for-stm32.14.3.rel1.win32_1.0.100.202602081740/tools/bin/../lib/gcc/arm-none-eabi/14.3.1/../../../../arm-none-eabi/lib/thumb/v7e-m+fp/hard\libc_nano.a(libc_a-strncmp.o)
                              ./Core/Src/serial_protocol.o (strncmp)
C:/ST/STM32CubeIDE_2.1.1/STM32CubeIDE/plugins/com.st.stm32cube.ide.mcu.externaltools.gnu-tools-for-stm32.14.3.rel1.win32_1.0.100.202602081740/tools/bin/../lib/gcc/arm-none-eabi/14.3.1/../../../../arm-none-eabi/lib/thumb/v7e-m+fp/hard\libc_nano.a(libc_a-closer.o)
                              C:/ST/STM32CubeIDE_2.1.1/STM32CubeIDE/plugins/com.st.stm32cube.ide.mcu.externaltools.gnu-tools-for-stm32.14.3.rel1.win32_1.0.100.202602081740/tools/bin/../lib/gcc/arm-none-eabi/14.3.1/../../../../arm-none-eabi/lib/thumb/v7e-m+fp/hard\libc_nano.a(libc_a-stdio.o) (_close_r)
C:/ST/STM32CubeIDE_2.1.1/STM32CubeIDE/plugins/com.st.stm32cube.ide.mcu.externaltools.gnu-tools-for-stm32.14.3.rel1.win32_1.0.100.202602081740/tools/bin/../lib/gcc/arm-none-eabi/14.3.1/../../../../arm-none-eabi/lib/thumb/v7e-m+fp/hard\libc_nano.a(libc_a-reent.o)
                              C:/ST/STM32CubeIDE_2.1.1/STM32CubeIDE/plugins/com.st.stm32cube.ide.mcu.externaltools.gnu-tools-for-stm32.14.3.rel1.win32_1.0.100.202602081740/tools/bin/../lib/gcc/arm-none-eabi/14.3.1/../../../../arm-none-eabi/lib/thumb/v7e-m+fp/hard\libc_nano.a(libc_a-closer.o) (errno)
C:/ST/STM32CubeIDE_2.1.1/STM32CubeIDE/plugins/com.st.stm32cube.ide.mcu.externaltools.gnu-tools-for-stm32.14.3.rel1.win32_1.0.100.202602081740/tools/bin/../lib/gcc/arm-none-eabi/14.3.1/../../../../arm-none-eabi/lib/thumb/v7e-m+fp/hard\libc_nano.a(libc_a-impure.o)
                              C:/ST/STM32CubeIDE_2.1.1/STM32CubeIDE/plugins/com.st.stm32cube.ide.mcu.externaltools.gnu-tools-for-stm32.14.3.rel1.win32_1.0.100.202602081740/tools/bin/../lib/gcc/arm-none-eabi/14.3.1/../../../../arm-none-eabi/lib/thumb/v7e-m+fp/hard\libc_nano.a(libc_a-reent.o) (_impure_ptr)
[...]
Memory Configuration

Name             Origin             Length             Attributes
RAM              0x20000000         0x00018000         xrw
FLASH            0x08000000         0x00080000         xr
*default*        0x00000000         0xffffffff

Linker script and memory map

LOAD C:/ST/STM32CubeIDE_2.1.1/STM32CubeIDE/plugins/com.st.stm32cube.ide.mcu.externaltools.gnu-tools-for-stm32.14.3.rel1.win32_1.0.100.202602081740/tools/bin/../lib/gcc/arm-none-eabi/14.3.1/thumb/v7e-m+fp/hard/crti.o
LOAD C:/ST/STM32CubeIDE_2.1.1/STM32CubeIDE/plugins/com.st.stm32cube.ide.mcu.externaltools.gnu-tools-for-stm32.14.3.rel1.win32_1.0.100.202602081740/tools/bin/../lib/gcc/arm-none-eabi/14.3.1/thumb/v7e-m+fp/hard/crtbegin.o
LOAD C:/ST/STM32CubeIDE_2.1.1/STM32CubeIDE/plugins/com.st.stm32cube.ide.mcu.externaltools.gnu-tools-for-stm32.14.3.rel1.win32_1.0.100.202602081740/tools/bin/../lib/gcc/arm-none-eabi/14.3.1/../../../../arm-none-eabi/lib/thumb/v7e-m+fp/hard/crt0.o
LOAD ./Core/Src/display_controller.o
LOAD ./Core/Src/main.o
LOAD ./Core/Src/serial_protocol.o
LOAD ./Core/Src/stm32f4xx_hal_msp.o
LOAD ./Core/Src/stm32f4xx_it.o
LOAD ./Core/Src/syscalls.o
LOAD ./Core/Src/sysmem.o
LOAD ./Core/Src/system_stm32f4xx.o
LOAD ./Core/Src/uart_input.o
LOAD ./Core/Startup/startup_stm32f401retx.o
LOAD ./Drivers/SSD1306/Src/ssd1306.o
LOAD ./Drivers/SSD1306/Src/ssd1306_fonts.o
LOAD ./Drivers/STM32F4xx_HAL_Driver/Src/stm32f4xx_hal.o
LOAD ./Drivers/STM32F4xx_HAL_Driver/Src/stm32f4xx_hal_cortex.o
LOAD ./Drivers/STM32F4xx_HAL_Driver/Src/stm32f4xx_hal_dma.o
LOAD ./Drivers/STM32F4xx_HAL_Driver/Src/stm32f4xx_hal_dma_ex.o
LOAD ./Drivers/STM32F4xx_HAL_Driver/Src/stm32f4xx_hal_exti.o
LOAD ./Drivers/STM32F4xx_HAL_Driver/Src/stm32f4xx_hal_flash.o
LOAD ./Drivers/STM32F4xx_HAL_Driver/Src/stm32f4xx_hal_flash_ex.o
LOAD ./Drivers/STM32F4xx_HAL_Driver/Src/stm32f4xx_hal_flash_ramfunc.o
LOAD ./Drivers/STM32F4xx_HAL_Driver/Src/stm32f4xx_hal_gpio.o
LOAD ./Drivers/STM32F4xx_HAL_Driver/Src/stm32f4xx_hal_i2c.o
LOAD ./Drivers/STM32F4xx_HAL_Driver/Src/stm32f4xx_hal_i2c_ex.o
LOAD ./Drivers/STM32F4xx_HAL_Driver/Src/stm32f4xx_hal_pwr.o
LOAD ./Drivers/STM32F4xx_HAL_Driver/Src/stm32f4xx_hal_pwr_ex.o
LOAD ./Drivers/STM32F4xx_HAL_Driver/Src/stm32f4xx_hal_rcc.o
LOAD ./Drivers/STM32F4xx_HAL_Driver/Src/stm32f4xx_hal_rcc_ex.o
LOAD ./Drivers/STM32F4xx_HAL_Driver/Src/stm32f4xx_hal_uart.o
START GROUP
LOAD C:/ST/STM32CubeIDE_2.1.1/STM32CubeIDE/plugins/com.st.stm32cube.ide.mcu.externaltools.gnu-tools-for-stm32.14.3.rel1.win32_1.0.100.202602081740/tools/bin/../lib/gcc/arm-none-eabi/14.3.1/../../../../arm-none-eabi/lib/thumb/v7e-m+fp/hard\libc_nano.a
LOAD C:/ST/STM32CubeIDE_2.1.1/STM32CubeIDE/plugins/com.st.stm32cube.ide.mcu.externaltools.gnu-tools-for-stm32.14.3.rel1.win32_1.0.100.202602081740/tools/bin/../lib/gcc/arm-none-eabi/14.3.1/../../../../arm-none-eabi/lib/thumb/v7e-m+fp/hard\libm.a
END GROUP
START GROUP
LOAD C:/ST/STM32CubeIDE_2.1.1/STM32CubeIDE/plugins/com.st.stm32cube.ide.mcu.externaltools.gnu-tools-for-stm32.14.3.rel1.win32_1.0.100.202602081740/tools/bin/../lib/gcc/arm-none-eabi/14.3.1/thumb/v7e-m+fp/hard\libgcc.a
LOAD C:/ST/STM32CubeIDE_2.1.1/STM32CubeIDE/plugins/com.st.stm32cube.ide.mcu.externaltools.gnu-tools-for-stm32.14.3.rel1.win32_1.0.100.202602081740/tools/bin/../lib/gcc/arm-none-eabi/14.3.1/../../../../arm-none-eabi/lib/thumb/v7e-m+fp/hard\libc_nano.a
END GROUP
START GROUP
LOAD C:/ST/STM32CubeIDE_2.1.1/STM32CubeIDE/plugins/com.st.stm32cube.ide.mcu.externaltools.gnu-tools-for-stm32.14.3.rel1.win32_1.0.100.202602081740/tools/bin/../lib/gcc/arm-none-eabi/14.3.1/thumb/v7e-m+fp/hard\libgcc.a
LOAD C:/ST/STM32CubeIDE_2.1.1/STM32CubeIDE/plugins/com.st.stm32cube.ide.mcu.externaltools.gnu-tools-for-stm32.14.3.rel1.win32_1.0.100.202602081740/tools/bin/../lib/gcc/arm-none-eabi/14.3.1/../../../../arm-none-eabi/lib/thumb/v7e-m+fp/hard\libc_nano.a
LOAD C:/ST/STM32CubeIDE_2.1.1/STM32CubeIDE/plugins/com.st.stm32cube.ide.mcu.externaltools.gnu-tools-for-stm32.14.3.rel1.win32_1.0.100.202602081740/tools/bin/../lib/gcc/arm-none-eabi/14.3.1/../../../../arm-none-eabi/lib/thumb/v7e-m+fp/hard\libnosys.a
END GROUP
START GROUP
LOAD C:/ST/STM32CubeIDE_2.1.1/STM32CubeIDE/plugins/com.st.stm32cube.ide.mcu.externaltools.gnu-tools-for-stm32.14.3.rel1.win32_1.0.100.202602081740/tools/bin/../lib/gcc/arm-none-eabi/14.3.1/thumb/v7e-m+fp/hard\libgcc.a
LOAD C:/ST/STM32CubeIDE_2.1.1/STM32CubeIDE/plugins/com.st.stm32cube.ide.mcu.externaltools.gnu-tools-for-stm32.14.3.rel1.win32_1.0.100.202602081740/tools/bin/../lib/gcc/arm-none-eabi/14.3.1/../../../../arm-none-eabi/lib/thumb/v7e-m+fp/hard\libc_nano.a
LOAD C:/ST/STM32CubeIDE_2.1.1/STM32CubeIDE/plugins/com.st.stm32cube.ide.mcu.externaltools.gnu-tools-for-stm32.14.3.rel1.win32_1.0.100.202602081740/tools/bin/../lib/gcc/arm-none-eabi/14.3.1/../../../../arm-none-eabi/lib/thumb/v7e-m+fp/hard\libnosys.a
END GROUP
LOAD C:/ST/STM32CubeIDE_2.1.1/STM32CubeIDE/plugins/com.st.stm32cube.ide.mcu.externaltools.gnu-tools-for-stm32.14.3.rel1.win32_1.0.100.202602081740/tools/bin/../lib/gcc/arm-none-eabi/14.3.1/thumb/v7e-m+fp/hard/crtend.o
LOAD C:/ST/STM32CubeIDE_2.1.1/STM32CubeIDE/plugins/com.st.stm32cube.ide.mcu.externaltools.gnu-tools-for-stm32.14.3.rel1.win32_1.0.100.202602081740/tools/bin/../lib/gcc/arm-none-eabi/14.3.1/thumb/v7e-m+fp/hard/crtn.o
                0x20018000                        _estack = (ORIGIN (RAM) + LENGTH (RAM))
                0x00000200                        _Min_Heap_Size = 0x200
                0x00000400                        _Min_Stack_Size = 0x400

.isr_vector     0x08000000      0x194
                0x08000000                        . = ALIGN (0x4)
 *(.isr_vector)
 .isr_vector    0x08000000      0x194 ./Core/Startup/startup_stm32f401retx.o
                0x08000000                g_pfnVectors
                0x08000194                        . = ALIGN (0x4)

.text           0x08000194     0x30a4
                0x08000194                        . = ALIGN (0x4)
 *(.text)
 .text          0x08000194       0x40 C:/ST/STM32CubeIDE_2.1.1/STM32CubeIDE/plugins/com.st.stm32cube.ide.mcu.externaltools.gnu-tools-for-stm32.14.3.rel1.win32_1.0.100.202602081740/tools/bin/../lib/gcc/arm-none-eabi/14.3.1/thumb/v7e-m+fp/hard/crtbegin.o
 .text          0x080001d4       0x30 C:/ST/STM32CubeIDE_2.1.1/STM32CubeIDE/plugins/com.st.stm32cube.ide.mcu.externaltools.gnu-tools-for-stm32.14.3.rel1.win32_1.0.100.202602081740/tools/bin/../lib/gcc/arm-none-eabi/14.3.1/thumb/v7e-m+fp/hard\libgcc.a(_aeabi_uldivmod.o)
                0x080001d4                __aeabi_uldivmod
 .text          0x08000204      0x2f8 C:/ST/STM32CubeIDE_2.1.1/STM32CubeIDE/plugins/com.st.stm32cube.ide.mcu.externaltools.gnu-tools-for-stm32.14.3.rel1.win32_1.0.100.202602081740/tools/bin/../lib/gcc/arm-none-eabi/14.3.1/thumb/v7e-m+fp/hard\libgcc.a(_udivmoddi4.o)
                0x08000204                __udivmoddi4
 .text          0x080004fc        0x4 C:/ST/STM32CubeIDE_2.1.1/STM32CubeIDE/plugins/com.st.stm32cube.ide.mcu.externaltools.gnu-tools-for-stm32.14.3.rel1.win32_1.0.100.202602081740/tools/bin/../lib/gcc/arm-none-eabi/14.3.1/thumb/v7e-m+fp/hard\libgcc.a(_dvmd_tls.o)
                0x080004fc                __aeabi_idiv0
                0x080004fc                __aeabi_ldiv0
 *(.text*)
 .text.Display_Init
                0x08000500       0x16 ./Core/Src/display_controller.o
                0x08000500                Display_Init
 *fill*         0x08000516        0x2 
 .text.Display_ShowText
                0x08000518       0x3c ./Core/Src/display_controller.o
                0x08000518                Display_ShowText
 .text.main     0x08000554       0x4c ./Core/Src/main.o
                0x08000554                main
 .text.SystemClock_Config
                0x080005a0       0xd8 ./Core/Src/main.o
                0x080005a0                SystemClock_Config
 .text.MX_I2C1_Init
                0x08000678       0x5c ./Core/Src/main.o
 .text.MX_USART2_UART_Init
                0x080006d4       0x54 ./Core/Src/main.o
 .text.MX_GPIO_Init
                0x08000728       0x50 ./Core/Src/main.o
 .text.Error_Handler
                0x08000778        0xc ./Core/Src/main.o
                0x08000778                Error_Handler
 .text.SerialProtocol_Init
                0x08000784       0x20 ./Core/Src/serial_protocol.o
                0x08000784                SerialProtocol_Init
 .text.SerialProtocol_SendOK
                0x080007a4       0x2c ./Core/Src/serial_protocol.o
                0x080007a4                SerialProtocol_SendOK
 .text.HAL_MspInit
                0x080007d0       0x50 ./Core/Src/stm32f4xx_hal_msp.o
                0x080007d0                HAL_MspInit
 .text.HAL_I2C_MspInit
                0x08000820       0x90 ./Core/Src/stm32f4xx_hal_msp.o
                0x08000820                HAL_I2C_MspInit
 .text.HAL_UART_MspInit
                0x080008b0       0x90 ./Core/Src/stm32f4xx_hal_msp.o
                0x080008b0                HAL_UART_MspInit
 .text.NMI_Handler
                0x08000940        0x8 ./Core/Src/stm32f4xx_it.o
                0x08000940                NMI_Handler
 .text.HardFault_Handler
                0x08000948        0x8 ./Core/Src/stm32f4xx_it.o
                0x08000948                HardFault_Handler
 .text.MemManage_Handler
                0x08000950        0x8 ./Core/Src/stm32f4xx_it.o
                0x08000950                MemManage_Handler
 .text.BusFault_Handler
                0x08000958        0x8 ./Core/Src/stm32f4xx_it.o
                0x08000958                BusFault_Handler
 .text.UsageFault_Handler
                0x08000960        0x8 ./Core/Src/stm32f4xx_it.o
                0x08000960                UsageFault_Handler
 .text.SVC_Handler
                0x08000968        0xe ./Core/Src/stm32f4xx_it.o
                0x08000968                SVC_Handler
 .text.DebugMon_Handler
                0x08000976        0xe ./Core/Src/stm32f4xx_it.o
                0x08000976                DebugMon_Handler
 .text.PendSV_Handler
                0x08000984        0xe ./Core/Src/stm32f4xx_it.o
                0x08000984                PendSV_Handler
 .text.SysTick_Handler
                0x08000992        0xc ./Core/Src/stm32f4xx_it.o
                0x08000992                SysTick_Handler
 *fill*         0x0800099e        0x2 
 .text.SystemInit
                0x080009a0       0x24 ./Core/Src/system_stm32f4xx.o
                0x080009a0                SystemInit
 .text.UART_InputInit
                0x080009c4       0x20 ./Core/Src/uart_input.o
                0x080009c4                UART_InputInit
 .text.UART_InputClear
                0x080009e4       0x24 ./Core/Src/uart_input.o
                0x080009e4                UART_InputClear
 .text.UART_InputProcess
                0x08000a08       0x2e ./Core/Src/uart_input.o
                0x08000a08                UART_InputProcess
 *fill*         0x08000a36        0x2 
 .text.UART_InputReceiveCharacter
                0x08000a38       0x38 ./Core/Src/uart_input.o
 .text.UART_InputProcessCharcter
                0x08000a70       0xb0 ./Core/Src/uart_input.o
 .text.UART_InputGetText
                0x08000b20       0x14 ./Core/Src/uart_input.o
                0x08000b20                UART_InputGetText
 .text.Reset_Handler
                0x08000b34       0x50 ./Core/Startup/startup_stm32f401retx.o
                0x08000b34                Reset_Handler
 .text.Default_Handler
                0x08000b84        0x2 ./Core/Startup/startup_stm32f401retx.o
                0x08000b84                RTC_Alarm_IRQHandler
                0x08000b84                EXTI2_IRQHandler
                0x08000b84                SPI4_IRQHandler
                0x08000b84                TIM1_CC_IRQHandler
                0x08000b84                DMA2_Stream5_IRQHandler
                0x08000b84                DMA1_Stream5_IRQHandler
                0x08000b84                PVD_IRQHandler
                0x08000b84                SDIO_IRQHandler
                0x08000b84                TAMP_STAMP_IRQHandler
                0x08000b84                EXTI3_IRQHandler
                0x08000b84                TIM1_UP_TIM10_IRQHandler
                0x08000b84                I2C3_ER_IRQHandler
                0x08000b84                EXTI0_IRQHandler
                0x08000b84                I2C2_EV_IRQHandler
                0x08000b84                DMA1_Stream2_IRQHandler
                0x08000b84                FPU_IRQHandler
                0x08000b84                DMA2_Stream2_IRQHandler
                0x08000b84                SPI1_IRQHandler
                0x08000b84                TIM1_BRK_TIM9_IRQHandler
                0x08000b84                DMA2_Stream3_IRQHandler
                0x08000b84                USART6_IRQHandler
                0x08000b84                DMA2_Stream0_IRQHandler
                0x08000b84                TIM4_IRQHandler
                0x08000b84                I2C1_EV_IRQHandler
                0x08000b84                DMA1_Stream6_IRQHandler
                0x08000b84                DMA1_Stream1_IRQHandler
                0x08000b84                TIM3_IRQHandler
                0x08000b84                RCC_IRQHandler
                0x08000b84                Default_Handler
                0x08000b84                EXTI15_10_IRQHandler
                0x08000b84                ADC_IRQHandler
                0x08000b84                DMA1_Stream7_IRQHandler
                0x08000b84                TIM5_IRQHandler
                0x08000b84                DMA2_Stream7_IRQHandler
                0x08000b84                I2C3_EV_IRQHandler
                0x08000b84                EXTI9_5_IRQHandler
                0x08000b84                RTC_WKUP_IRQHandler
                0x08000b84                SPI2_IRQHandler
                0x08000b84                DMA1_Stream0_IRQHandler
                0x08000b84                EXTI4_IRQHandler
                0x08000b84                WWDG_IRQHandler
                0x08000b84                TIM2_IRQHandler
                0x08000b84                OTG_FS_WKUP_IRQHandler
                0x08000b84                TIM1_TRG_COM_TIM11_IRQHandler
                0x08000b84                EXTI1_IRQHandler
                0x08000b84                USART2_IRQHandler
                0x08000b84                I2C2_ER_IRQHandler
                0x08000b84                DMA2_Stream1_IRQHandler
                0x08000b84                FLASH_IRQHandler
                0x08000b84                DMA2_Stream4_IRQHandler
                0x08000b84                USART1_IRQHandler
                0x08000b84                OTG_FS_IRQHandler
                0x08000b84                SPI3_IRQHandler
                0x08000b84                DMA1_Stream4_IRQHandler
                0x08000b84                I2C1_ER_IRQHandler
                0x08000b84                DMA2_Stream6_IRQHandler
                0x08000b84                DMA1_Stream3_IRQHandler
 .text.ssd1306_Reset
                0x08000b86        0xe ./Drivers/SSD1306/Src/ssd1306.o
                0x08000b86                ssd1306_Reset
 .text.ssd1306_WriteCommand
                0x08000b94       0x30 ./Drivers/SSD1306/Src/ssd1306.o
                0x08000b94                ssd1306_WriteCommand
 .text.ssd1306_WriteData
                0x08000bc4       0x34 ./Drivers/SSD1306/Src/ssd1306.o
                0x08000bc4                ssd1306_WriteData
 .text.ssd1306_Init
                0x08000bf8       0xd4 ./Drivers/SSD1306/Src/ssd1306.o
                0x08000bf8                ssd1306_Init
 .text.ssd1306_Fill
                0x08000ccc       0x30 ./Drivers/SSD1306/Src/ssd1306.o
                0x08000ccc                ssd1306_Fill
 .text.ssd1306_UpdateScreen
                0x08000cfc       0x50 ./Drivers/SSD1306/Src/ssd1306.o
                0x08000cfc                ssd1306_UpdateScreen
 .text.ssd1306_DrawPixel
                0x08000d4c       0xa8 ./Drivers/SSD1306/Src/ssd1306.o
                0x08000d4c                ssd1306_DrawPixel
 .text.ssd1306_WriteChar
                0x08000df4      0x124 ./Drivers/SSD1306/Src/ssd1306.o
                0x08000df4                ssd1306_WriteChar
 .text.ssd1306_WriteString
                0x08000f18       0x4c ./Drivers/SSD1306/Src/ssd1306.o
                0x08000f18                ssd1306_WriteString
 .text.ssd1306_SetCursor
                0x08000f64       0x30 ./Drivers/SSD1306/Src/ssd1306.o
                0x08000f64                ssd1306_SetCursor
 .text.ssd1306_SetContrast
                0x08000f94       0x26 ./Drivers/SSD1306/Src/ssd1306.o
                0x08000f94                ssd1306_SetContrast
 *fill*         0x08000fba        0x2 
 .text.ssd1306_SetDisplayOn
                0x08000fbc       0x3c ./Drivers/SSD1306/Src/ssd1306.o
                0x08000fbc                ssd1306_SetDisplayOn
 .text.HAL_Init
                0x08000ff8       0x44 ./Drivers/STM32F4xx_HAL_Driver/Src/stm32f4xx_hal.o
                0x08000ff8                HAL_Init
 .text.HAL_InitTick
                0x0800103c       0x60 ./Drivers/STM32F4xx_HAL_Driver/Src/stm32f4xx_hal.o
                0x0800103c                HAL_InitTick
 .text.HAL_IncTick
                0x0800109c       0x28 ./Drivers/STM32F4xx_HAL_Driver/Src/stm32f4xx_hal.o
                0x0800109c                HAL_IncTick
 .text.HAL_GetTick
                0x080010c4       0x18 ./Drivers/STM32F4xx_HAL_Driver/Src/stm32f4xx_hal.o
                0x080010c4                HAL_GetTick
 .text.HAL_Delay
                0x080010dc       0x48 ./Drivers/STM32F4xx_HAL_Driver/Src/stm32f4xx_hal.o
                0x080010dc                HAL_Delay
 .text.__NVIC_SetPriorityGrouping
                0x08001124       0x48 ./Drivers/STM32F4xx_HAL_Driver/Src/stm32f4xx_hal_cortex.o
 .text.__NVIC_GetPriorityGrouping
                0x0800116c       0x1c ./Drivers/STM32F4xx_HAL_Driver/Src/stm32f4xx_hal_cortex.o
 .text.__NVIC_SetPriority
                0x08001188       0x54 ./Drivers/STM32F4xx_HAL_Driver/Src/stm32f4xx_hal_cortex.o
 .text.NVIC_EncodePriority
                0x080011dc       0x66 ./Drivers/STM32F4xx_HAL_Driver/Src/stm32f4xx_hal_cortex.o
 *fill*         0x08001242        0x2 
 .text.SysTick_Config
                0x08001244       0x44 ./Drivers/STM32F4xx_HAL_Driver/Src/stm32f4xx_hal_cortex.o
 .text.HAL_NVIC_SetPriorityGrouping
                0x08001288       0x16 ./Drivers/STM32F4xx_HAL_Driver/Src/stm32f4xx_hal_cortex.o
                0x08001288                HAL_NVIC_SetPriorityGrouping
 .text.HAL_NVIC_SetPriority
                0x0800129e       0x38 ./Drivers/STM32F4xx_HAL_Driver/Src/stm32f4xx_hal_cortex.o
                0x0800129e                HAL_NVIC_SetPriority
 .text.HAL_SYSTICK_Config
                0x080012d6       0x18 ./Drivers/STM32F4xx_HAL_Driver/Src/stm32f4xx_hal_cortex.o
                0x080012d6                HAL_SYSTICK_Config
 *fill*         0x080012ee        0x2 
 .text.HAL_GPIO_Init
                0x080012f0      0x308 ./Drivers/STM32F4xx_HAL_Driver/Src/stm32f4xx_hal_gpio.o
                0x080012f0                HAL_GPIO_Init
 .text.HAL_I2C_Init
                0x080015f8      0x288 ./Drivers/STM32F4xx_HAL_Driver/Src/stm32f4xx_hal_i2c.o
                0x080015f8                HAL_I2C_Init
 .text.HAL_I2C_Mem_Write
                0x08001880      0x1f4 ./Drivers/STM32F4xx_HAL_Driver/Src/stm32f4xx_hal_i2c.o
                0x08001880                HAL_I2C_Mem_Write
 .text.I2C_RequestMemoryWrite
                0x08001a74      0x12c ./Drivers/STM32F4xx_HAL_Driver/Src/stm32f4xx_hal_i2c.o
 .text.I2C_WaitOnFlagUntilTimeout
                0x08001ba0       0xf4 ./Drivers/STM32F4xx_HAL_Driver/Src/stm32f4xx_hal_i2c.o
 .text.I2C_WaitOnMasterAddressFlagUntilTimeout
                0x08001c94      0x140 ./Drivers/STM32F4xx_HAL_Driver/Src/stm32f4xx_hal_i2c.o
 .text.I2C_WaitOnTXEFlagUntilTimeout
                0x08001dd4       0x90 ./Drivers/STM32F4xx_HAL_Driver/Src/stm32f4xx_hal_i2c.o
 .text.I2C_WaitOnBTFFlagUntilTimeout
                0x08001e64       0x90 ./Drivers/STM32F4xx_HAL_Driver/Src/stm32f4xx_hal_i2c.o
 .text.I2C_IsAcknowledgeFailed
                0x08001ef4       0x5e ./Drivers/STM32F4xx_HAL_Driver/Src/stm32f4xx_hal_i2c.o
 *fill*         0x08001f52        0x2 
 .text.HAL_RCC_OscConfig
                0x08001f54      0x4f0 ./Drivers/STM32F4xx_HAL_Driver/Src/stm32f4xx_hal_rcc.o
                0x08001f54                HAL_RCC_OscConfig
 .text.HAL_RCC_ClockConfig
                0x08002444      0x1cc ./Drivers/STM32F4xx_HAL_Driver/Src/stm32f4xx_hal_rcc.o
                0x08002444                HAL_RCC_ClockConfig
 .text.HAL_RCC_GetSysClockFreq
                0x08002610      0x20c ./Drivers/STM32F4xx_HAL_Driver/Src/stm32f4xx_hal_rcc.o
                0x08002610                HAL_RCC_GetSysClockFreq
 .text.HAL_RCC_GetHCLKFreq
                0x0800281c       0x18 ./Drivers/STM32F4xx_HAL_Driver/Src/stm32f4xx_hal_rcc.o
                0x0800281c                HAL_RCC_GetHCLKFreq
 .text.HAL_RCC_GetPCLK1Freq
                0x08002834       0x28 ./Drivers/STM32F4xx_HAL_Driver/Src/stm32f4xx_hal_rcc.o
                0x08002834                HAL_RCC_GetPCLK1Freq
 .text.HAL_RCC_GetPCLK2Freq
                0x0800285c       0x28 ./Drivers/STM32F4xx_HAL_Driver/Src/stm32f4xx_hal_rcc.o
                0x0800285c                HAL_RCC_GetPCLK2Freq
 .text.HAL_UART_Init
                0x08002884       0xa0 ./Drivers/STM32F4xx_HAL_Driver/Src/stm32f4xx_hal_uart.o
                0x08002884                HAL_UART_Init
 .text.HAL_UART_Transmit
                0x08002924      0x116 ./Drivers/STM32F4xx_HAL_Driver/Src/stm32f4xx_hal_uart.o
                0x08002924                HAL_UART_Transmit
 .text.HAL_UART_Receive
                0x08002a3a      0x12e ./Drivers/STM32F4xx_HAL_Driver/Src/stm32f4xx_hal_uart.o
                0x08002a3a                HAL_UART_Receive
 .text.UART_WaitOnFlagUntilTimeout
                0x08002b68       0xb2 ./Drivers/STM32F4xx_HAL_Driver/Src/stm32f4xx_hal_uart.o
 .text.UART_EndRxTransfer
                0x08002c1a       0xc6 ./Drivers/STM32F4xx_HAL_Driver/Src/stm32f4xx_hal_uart.o
 .text.UART_SetConfig
                0x08002ce0      0x4e8 ./Drivers/STM32F4xx_HAL_Driver/Src/stm32f4xx_hal_uart.o
 .text.memset   0x080031c8       0x10 C:/ST/STM32CubeIDE_2.1.1/STM32CubeIDE/plugins/com.st.stm32cube.ide.mcu.externaltools.gnu-tools-for-stm32.14.3.rel1.win32_1.0.100.202602081740/tools/bin/../lib/gcc/arm-none-eabi/14.3.1/../../../../arm-none-eabi/lib/thumb/v7e-m+fp/hard\libc_nano.a(libc_a-memset.o)
                0x080031c8                memset
 .text.__libc_init_array
                0x080031d8       0x48 C:/ST/STM32CubeIDE_2.1.1/STM32CubeIDE/plugins/com.st.stm32cube.ide.mcu.externaltools.gnu-tools-for-stm32.14.3.rel1.win32_1.0.100.202602081740/tools/bin/../lib/gcc/arm-none-eabi/14.3.1/../../../../arm-none-eabi/lib/thumb/v7e-m+fp/hard\libc_nano.a(libc_a-init.o)
                0x080031d8                __libc_init_array
 *(.glue_7)
 .glue_7        0x08003220        0x0 linker stubs
 *(.glue_7t)
 .glue_7t       0x08003220        0x0 linker stubs
 *(.eh_frame)
 .eh_frame      0x08003220        0x0 C:/ST/STM32CubeIDE_2.1.1/STM32CubeIDE/plugins/com.st.stm32cube.ide.mcu.externaltools.gnu-tools-for-stm32.14.3.rel1.win32_1.0.100.202602081740/tools/bin/../lib/gcc/arm-none-eabi/14.3.1/thumb/v7e-m+fp/hard/crtbegin.o
 *(.init)
 .init          0x08003220        0x4 C:/ST/STM32CubeIDE_2.1.1/STM32CubeIDE/plugins/com.st.stm32cube.ide.mcu.externaltools.gnu-tools-for-stm32.14.3.rel1.win32_1.0.100.202602081740/tools/bin/../lib/gcc/arm-none-eabi/14.3.1/thumb/v7e-m+fp/hard/crti.o
                0x08003220                _init
 .init          0x08003224        0x8 C:/ST/STM32CubeIDE_2.1.1/STM32CubeIDE/plugins/com.st.stm32cube.ide.mcu.externaltools.gnu-tools-for-stm32.14.3.rel1.win32_1.0.100.202602081740/tools/bin/../lib/gcc/arm-none-eabi/14.3.1/thumb/v7e-m+fp/hard/crtn.o
 *(.fini)
 .fini          0x0800322c        0x4 C:/ST/STM32CubeIDE_2.1.1/STM32CubeIDE/plugins/com.st.stm32cube.ide.mcu.externaltools.gnu-tools-for-stm32.14.3.rel1.win32_1.0.100.202602081740/tools/bin/../lib/gcc/arm-none-eabi/14.3.1/thumb/v7e-m+fp/hard/crti.o
                0x0800322c                _fini
 .fini          0x08003230        0x8 C:/ST/STM32CubeIDE_2.1.1/STM32CubeIDE/plugins/com.st.stm32cube.ide.mcu.externaltools.gnu-tools-for-stm32.14.3.rel1.win32_1.0.100.202602081740/tools/bin/../lib/gcc/arm-none-eabi/14.3.1/thumb/v7e-m+fp/hard/crtn.o
                0x08003238                        . = ALIGN (0x4)
                0x08003238                        _etext = .

.vfp11_veneer   0x08003238        0x0
 .vfp11_veneer  0x08003238        0x0 linker stubs

.v4_bx          0x08003238        0x0
 .v4_bx         0x08003238        0x0 linker stubs

.iplt           0x08003238        0x0
 .iplt          0x08003238        0x0 C:/ST/STM32CubeIDE_2.1.1/STM32CubeIDE/plugins/com.st.stm32cube.ide.mcu.externaltools.gnu-tools-for-stm32.14.3.rel1.win32_1.0.100.202602081740/tools/bin/../lib/gcc/arm-none-eabi/14.3.1/thumb/v7e-m+fp/hard/crtbegin.o

.rodata         0x08003238      0x790
                0x08003238                        . = ALIGN (0x4)
 *(.rodata)
 *(.rodata*)
 .rodata.AHBPrescTable
                0x08003238       0x10 ./Core/Src/system_stm32f4xx.o
                0x08003238                AHBPrescTable
 .rodata.APBPrescTable
                0x08003248        0x8 ./Core/Src/system_stm32f4xx.o
                0x08003248                APBPrescTable
 .rodata.Font7x10
                0x08003250      0x76c ./Drivers/SSD1306/Src/ssd1306_fonts.o
 .rodata.Font_7x10
                0x080039bc        0xc ./Drivers/SSD1306/Src/ssd1306_fonts.o
                0x080039bc                Font_7x10
                0x080039c8                        . = ALIGN (0x4)

.ARM.extab      0x080039c8        0x0
                0x080039c8                        . = ALIGN (0x4)
 *(.ARM.extab* .gnu.linkonce.armextab.*)
                0x080039c8                        . = ALIGN (0x4)

.ARM            0x080039c8        0x8
                0x080039c8                        . = ALIGN (0x4)
                0x080039c8                        __exidx_start = .
 *(.ARM.exidx*)
 .ARM.exidx     0x080039c8        0x8 C:/ST/STM32CubeIDE_2.1.1/STM32CubeIDE/plugins/com.st.stm32cube.ide.mcu.externaltools.gnu-tools-for-stm32.14.3.rel1.win32_1.0.100.202602081740/tools/bin/../lib/gcc/arm-none-eabi/14.3.1/thumb/v7e-m+fp/hard\libgcc.a(_udivmoddi4.o)
                0x080039d0                        __exidx_end = .
                0x080039d0                        . = ALIGN (0x4)

.preinit_array  0x080039d0        0x0
                0x080039d0                        . = ALIGN (0x4)
                0x080039d0                        PROVIDE (__preinit_array_start = .)
 *(.preinit_array*)
                0x080039d0                        PROVIDE (__preinit_array_end = .)
                0x080039d0                        . = ALIGN (0x4)

.init_array     0x080039d0        0x4
                0x080039d0                        . = ALIGN (0x4)
                0x080039d0                        PROVIDE (__init_array_start = .)
 *(SORT_BY_NAME(.init_array.*))
 *(.init_array*)
 .init_array    0x080039d0        0x4 C:/ST/STM32CubeIDE_2.1.1/STM32CubeIDE/plugins/com.st.stm32cube.ide.mcu.externaltools.gnu-tools-for-stm32.14.3.rel1.win32_1.0.100.202602081740/tools/bin/../lib/gcc/arm-none-eabi/14.3.1/thumb/v7e-m+fp/hard/crtbegin.o
                0x080039d4                        PROVIDE (__init_array_end = .)
                0x080039d4                        . = ALIGN (0x4)

.fini_array     0x080039d4        0x4
                0x080039d4                        . = ALIGN (0x4)
                [!provide]                        PROVIDE (__fini_array_start = .)
 *(SORT_BY_NAME(.fini_array.*))
 *(.fini_array*)
 .fini_array    0x080039d4        0x4 C:/ST/STM32CubeIDE_2.1.1/STM32CubeIDE/plugins/com.st.stm32cube.ide.mcu.externaltools.gnu-tools-for-stm32.14.3.rel1.win32_1.0.100.202602081740/tools/bin/../lib/gcc/arm-none-eabi/14.3.1/thumb/v7e-m+fp/hard/crtbegin.o
                [!provide]                        PROVIDE (__fini_array_end = .)
                0x080039d8                        . = ALIGN (0x4)
                0x080039d8                        _sidata = LOADADDR (.data)

.rel.dyn        0x080039d8        0x0
 .rel.iplt      0x080039d8        0x0 C:/ST/STM32CubeIDE_2.1.1/STM32CubeIDE/plugins/com.st.stm32cube.ide.mcu.externaltools.gnu-tools-for-stm32.14.3.rel1.win32_1.0.100.202602081740/tools/bin/../lib/gcc/arm-none-eabi/14.3.1/thumb/v7e-m+fp/hard/crtbegin.o

.data           0x20000000       0x14 load address 0x080039d8
                0x20000000                        . = ALIGN (0x4)
                0x20000000                        _sdata = .
 *(.data)
 *(.data*)
 .data.okResponse
                0x20000000        0x5 ./Core/Src/serial_protocol.o
 *fill*         0x20000005        0x3 
 .data.SystemCoreClock
                0x20000008        0x4 ./Core/Src/system_stm32f4xx.o
                0x20000008                SystemCoreClock
 .data.uwTickPrio
                0x2000000c        0x4 ./Drivers/STM32F4xx_HAL_Driver/Src/stm32f4xx_hal.o
                0x2000000c                uwTickPrio
 .data.uwTickFreq
                0x20000010        0x1 ./Drivers/STM32F4xx_HAL_Driver/Src/stm32f4xx_hal.o
                0x20000010                uwTickFreq
 *(.RamFunc)
 *(.RamFunc*)
                0x20000014                        . = ALIGN (0x4)
 *fill*         0x20000011        0x3 
                0x20000014                        _edata = .

.igot.plt       0x20000014        0x0 load address 0x080039ec
 .igot.plt      0x20000014        0x0 C:/ST/STM32CubeIDE_2.1.1/STM32CubeIDE/plugins/com.st.stm32cube.ide.mcu.externaltools.gnu-tools-for-stm32.14.3.rel1.win32_1.0.100.202602081740/tools/bin/../lib/gcc/arm-none-eabi/14.3.1/thumb/v7e-m+fp/hard/crtbegin.o
                0x20000014                        . = ALIGN (0x4)

.bss            0x20000014      0x4e0 load address 0x080039ec
                0x20000014                        _sbss = .
                0x20000014                        __bss_start__ = _sbss
 *(.bss)
 .bss           0x20000014       0x1c C:/ST/STM32CubeIDE_2.1.1/STM32CubeIDE/plugins/com.st.stm32cube.ide.mcu.externaltools.gnu-tools-for-stm32.14.3.rel1.win32_1.0.100.202602081740/tools/bin/../lib/gcc/arm-none-eabi/14.3.1/thumb/v7e-m+fp/hard/crtbegin.o
 *(.bss*)
 .bss.hi2c1     0x20000030       0x54 ./Core/Src/main.o
                0x20000030                hi2c1
 .bss.huart2    0x20000084       0x48 ./Core/Src/main.o
                0x20000084                huart2
 .bss.protocolUartHandler
                0x200000cc        0x4 ./Core/Src/serial_protocol.o
 .bss.uartHandle
                0x200000d0        0x4 ./Core/Src/uart_input.o
 .bss.inputBuffer
                0x200000d4       0x10 ./Core/Src/uart_input.o
 .bss.inputIndex
                0x200000e4        0x1 ./Core/Src/uart_input.o
 *fill*         0x200000e5        0x3 
 .bss.SSD1306_Buffer
                0x200000e8      0x400 ./Drivers/SSD1306/Src/ssd1306.o
 .bss.SSD1306   0x200004e8        0x6 ./Drivers/SSD1306/Src/ssd1306.o
 *fill*         0x200004ee        0x2 
 .bss.uwTick    0x200004f0        0x4 ./Drivers/STM32F4xx_HAL_Driver/Src/stm32f4xx_hal.o
                0x200004f0                uwTick
 *(COMMON)
                0x200004f4                        . = ALIGN (0x4)
                0x200004f4                        _ebss = .
                0x200004f4                        __bss_end__ = _ebss

._user_heap_stack
                0x200004f4      0x604 load address 0x080039ec
                0x200004f8                        . = ALIGN (0x8)
 *fill*         0x200004f4        0x4 
                [!provide]                        PROVIDE (end = .)
                0x200004f8                        PROVIDE (_end = .)
                0x200006f8                        . = (. + _Min_Heap_Size)
 *fill*         0x200004f8      0x200 
                0x20000af8                        . = (. + _Min_Stack_Size)
 *fill*         0x200006f8      0x400 
                0x20000af8                        . = ALIGN (0x8)

/DISCARD/
 libc.a(*)
 libm.a(*)
 libgcc.a(*)

.ARM.attributes
                0x00000000       0x30
 *(.ARM.attributes)
 .ARM.attributes
                0x00000000       0x22 C:/ST/STM32CubeIDE_2.1.1/STM32CubeIDE/plugins/com.st.stm32cube.ide.mcu.externaltools.gnu-tools-for-stm32.14.3.rel1.win32_1.0.100.202602081740/tools/bin/../lib/gcc/arm-none-eabi/14.3.1/thumb/v7e-m+fp/hard/crti.o
 .ARM.attributes
                0x00000022       0x34 C:/ST/STM32CubeIDE_2.1.1/STM32CubeIDE/plugins/com.st.stm32cube.ide.mcu.externaltools.gnu-tools-for-stm32.14.3.rel1.win32_1.0.100.202602081740/tools/bin/../lib/gcc/arm-none-eabi/14.3.1/thumb/v7e-m+fp/hard/crtbegin.o
 .ARM.attributes
                0x00000056       0x34 ./Core/Src/display_controller.o
 .ARM.attributes
                0x0000008a       0x34 ./Core/Src/main.o
 .ARM.attributes
                0x000000be       0x34 ./Core/Src/serial_protocol.o
 .ARM.attributes
                0x000000f2       0x34 ./Core/Src/stm32f4xx_hal_msp.o
 .ARM.attributes
                0x00000126       0x34 ./Core/Src/stm32f4xx_it.o
 .ARM.attributes
                0x0000015a       0x34 ./Core/Src/system_stm32f4xx.o
 .ARM.attributes
                0x0000018e       0x34 ./Core/Src/uart_input.o
 .ARM.attributes
                0x000001c2       0x21 ./Core/Startup/startup_stm32f401retx.o
 .ARM.attributes
                0x000001e3       0x34 ./Drivers/SSD1306/Src/ssd1306.o
 .ARM.attributes
                0x00000217       0x34 ./Drivers/SSD1306/Src/ssd1306_fonts.o
 .ARM.attributes
                0x0000024b       0x34 ./Drivers/STM32F4xx_HAL_Driver/Src/stm32f4xx_hal.o
 .ARM.attributes
                0x0000027f       0x34 ./Drivers/STM32F4xx_HAL_Driver/Src/stm32f4xx_hal_cortex.o
 .ARM.attributes
                0x000002b3       0x34 ./Drivers/STM32F4xx_HAL_Driver/Src/stm32f4xx_hal_gpio.o
 .ARM.attributes
                0x000002e7       0x34 ./Drivers/STM32F4xx_HAL_Driver/Src/stm32f4xx_hal_i2c.o
 .ARM.attributes
                0x0000031b       0x34 ./Drivers/STM32F4xx_HAL_Driver/Src/stm32f4xx_hal_rcc.o
 .ARM.attributes
                0x0000034f       0x34 ./Drivers/STM32F4xx_HAL_Driver/Src/stm32f4xx_hal_uart.o
 .ARM.attributes
                0x00000383       0x34 C:/ST/STM32CubeIDE_2.1.1/STM32CubeIDE/plugins/com.st.stm32cube.ide.mcu.externaltools.gnu-tools-for-stm32.14.3.rel1.win32_1.0.100.202602081740/tools/bin/../lib/gcc/arm-none-eabi/14.3.1/../../../../arm-none-eabi/lib/thumb/v7e-m+fp/hard\libc_nano.a(libc_a-memset.o)
 .ARM.attributes
                0x000003b7       0x34 C:/ST/STM32CubeIDE_2.1.1/STM32CubeIDE/plugins/com.st.stm32cube.ide.mcu.externaltools.gnu-tools-for-stm32.14.3.rel1.win32_1.0.100.202602081740/tools/bin/../lib/gcc/arm-none-eabi/14.3.1/../../../../arm-none-eabi/lib/thumb/v7e-m+fp/hard\libc_nano.a(libc_a-init.o)
 .ARM.attributes
                0x000003eb       0x22 C:/ST/STM32CubeIDE_2.1.1/STM32CubeIDE/plugins/com.st.stm32cube.ide.mcu.externaltools.gnu-tools-for-stm32.14.3.rel1.win32_1.0.100.202602081740/tools/bin/../lib/gcc/arm-none-eabi/14.3.1/thumb/v7e-m+fp/hard\libgcc.a(_aeabi_uldivmod.o)
 .ARM.attributes
                0x0000040d       0x34 C:/ST/STM32CubeIDE_2.1.1/STM32CubeIDE/plugins/com.st.stm32cube.ide.mcu.externaltools.gnu-tools-for-stm32.14.3.rel1.win32_1.0.100.202602081740/tools/bin/../lib/gcc/arm-none-eabi/14.3.1/thumb/v7e-m+fp/hard\libgcc.a(_udivmoddi4.o)
 .ARM.attributes
                0x00000441       0x22 C:/ST/STM32CubeIDE_2.1.1/STM32CubeIDE/plugins/com.st.stm32cube.ide.mcu.externaltools.gnu-tools-for-stm32.14.3.rel1.win32_1.0.100.202602081740/tools/bin/../lib/gcc/arm-none-eabi/14.3.1/thumb/v7e-m+fp/hard\libgcc.a(_dvmd_tls.o)
 .ARM.attributes
                0x00000463       0x22 C:/ST/STM32CubeIDE_2.1.1/STM32CubeIDE/plugins/com.st.stm32cube.ide.mcu.externaltools.gnu-tools-for-stm32.14.3.rel1.win32_1.0.100.202602081740/tools/bin/../lib/gcc/arm-none-eabi/14.3.1/thumb/v7e-m+fp/hard/crtn.o
OUTPUT(firmware.elf elf32-littlearm)
LOAD linker stubs
LOAD C:/ST/STM32CubeIDE_2.1.1/STM32CubeIDE/plugins/com.st.stm32cube.ide.mcu.externaltools.gnu-tools-for-stm32.14.3.rel1.win32_1.0.100.202602081740/tools/bin/../lib/gcc/arm-none-eabi/14.3.1/../../../../arm-none-eabi/lib/thumb/v7e-m+fp/hard\libc.a
LOAD C:/ST/STM32CubeIDE_2.1.1/STM32CubeIDE/plugins/com.st.stm32cube.ide.mcu.externaltools.gnu-tools-for-stm32.14.3.rel1.win32_1.0.100.202602081740/tools/bin/../lib/gcc/arm-none-eabi/14.3.1/../../../../arm-none-eabi/lib/thumb/v7e-m+fp/hard\libm.a
LOAD C:/ST/STM32CubeIDE_2.1.1/STM32CubeIDE/plugins/com.st.stm32cube.ide.mcu.externaltools.gnu-tools-for-stm32.14.3.rel1.win32_1.0.100.202602081740/tools/bin/../lib/gcc/arm-none-eabi/14.3.1/thumb/v7e-m+fp/hard\libgcc.a

.debug_info     0x00000000     0xbe1b
 .debug_info    0x00000000      0x1e3 ./Core/Src/display_controller.o
 .debug_info    0x000001e3      0xd76 ./Core/Src/main.o
 .debug_info    0x00000f59      0x71e ./Core/Src/serial_protocol.o
 .debug_info    0x00001677      0xc3a ./Core/Src/stm32f4xx_hal_msp.o
 .debug_info    0x000022b1      0x112 ./Core/Src/stm32f4xx_it.o
 .debug_info    0x000023c3      0x53e ./Core/Src/system_stm32f4xx.o
 .debug_info    0x00002901      0x6f5 ./Core/Src/uart_input.o
 .debug_info    0x00002ff6       0x30 ./Core/Startup/startup_stm32f401retx.o
 .debug_info    0x00003026     0x129e ./Drivers/SSD1306/Src/ssd1306.o
 .debug_info    0x000042c4      0x22c ./Drivers/SSD1306/Src/ssd1306_fonts.o
 .debug_info    0x000044f0      0x8bb ./Drivers/STM32F4xx_HAL_Driver/Src/stm32f4xx_hal.o
 .debug_info    0x00004dab      0xcf6 ./Drivers/STM32F4xx_HAL_Driver/Src/stm32f4xx_hal_cortex.o
 .debug_info    0x00005aa1      0x6f9 ./Drivers/STM32F4xx_HAL_Driver/Src/stm32f4xx_hal_gpio.o
 .debug_info    0x0000619a     0x2426 ./Drivers/STM32F4xx_HAL_Driver/Src/stm32f4xx_hal_i2c.o
 .debug_info    0x000085c0      0x905 ./Drivers/STM32F4xx_HAL_Driver/Src/stm32f4xx_hal_rcc.o
 .debug_info    0x00008ec5     0x2f56 ./Drivers/STM32F4xx_HAL_Driver/Src/stm32f4xx_hal_uart.o

.debug_abbrev   0x00000000     0x1e8f
 .debug_abbrev  0x00000000      0x12b ./Core/Src/display_controller.o
 .debug_abbrev  0x0000012b      0x25d ./Core/Src/main.o
 .debug_abbrev  0x00000388      0x1c6 ./Core/Src/serial_protocol.o
 .debug_abbrev  0x0000054e      0x1ac ./Core/Src/stm32f4xx_hal_msp.o
 .debug_abbrev  0x000006fa       0x73 ./Core/Src/stm32f4xx_it.o
 .debug_abbrev  0x0000076d      0x11a ./Core/Src/system_stm32f4xx.o
 .debug_abbrev  0x00000887      0x1fe ./Core/Src/uart_input.o
 .debug_abbrev  0x00000a85       0x24 ./Core/Startup/startup_stm32f401retx.o
 .debug_abbrev  0x00000aa9      0x351 ./Drivers/SSD1306/Src/ssd1306.o
 .debug_abbrev  0x00000dfa       0xcd ./Drivers/SSD1306/Src/ssd1306_fonts.o
 .debug_abbrev  0x00000ec7      0x24b ./Drivers/STM32F4xx_HAL_Driver/Src/stm32f4xx_hal.o
 .debug_abbrev  0x00001112      0x31d ./Drivers/STM32F4xx_HAL_Driver/Src/stm32f4xx_hal_cortex.o
 .debug_abbrev  0x0000142f      0x1d3 ./Drivers/STM32F4xx_HAL_Driver/Src/stm32f4xx_hal_gpio.o
 .debug_abbrev  0x00001602      0x2bc ./Drivers/STM32F4xx_HAL_Driver/Src/stm32f4xx_hal_i2c.o
 .debug_abbrev  0x000018be      0x2b6 ./Drivers/STM32F4xx_HAL_Driver/Src/stm32f4xx_hal_rcc.o
 .debug_abbrev  0x00001b74      0x31b ./Drivers/STM32F4xx_HAL_Driver/Src/stm32f4xx_hal_uart.o

.debug_aranges  0x00000000      0xa90
 .debug_aranges
                0x00000000       0x28 ./Core/Src/display_controller.o
 .debug_aranges
                0x00000028       0x48 ./Core/Src/main.o
 .debug_aranges
                0x00000070       0x38 ./Core/Src/serial_protocol.o
 .debug_aranges
                0x000000a8       0x40 ./Core/Src/stm32f4xx_hal_msp.o
 .debug_aranges
                0x000000e8       0x60 ./Core/Src/stm32f4xx_it.o
 .debug_aranges
                0x00000148       0x28 ./Core/Src/system_stm32f4xx.o
 .debug_aranges
                0x00000170       0x48 ./Core/Src/uart_input.o
 .debug_aranges
                0x000001b8       0x28 ./Core/Startup/startup_stm32f401retx.o
 .debug_aranges
                0x000001e0       0xe8 ./Drivers/SSD1306/Src/ssd1306.o
 .debug_aranges
                0x000002c8       0x18 ./Drivers/SSD1306/Src/ssd1306_fonts.o
 .debug_aranges
                0x000002e0       0xf0 ./Drivers/STM32F4xx_HAL_Driver/Src/stm32f4xx_hal.o
 .debug_aranges
                0x000003d0      0x130 ./Drivers/STM32F4xx_HAL_Driver/Src/stm32f4xx_hal_cortex.o
 .debug_aranges
                0x00000500       0x58 ./Drivers/STM32F4xx_HAL_Driver/Src/stm32f4xx_hal_gpio.o
 .debug_aranges
                0x00000558      0x2a8 ./Drivers/STM32F4xx_HAL_Driver/Src/stm32f4xx_hal_i2c.o
 .debug_aranges
                0x00000800       0x88 ./Drivers/STM32F4xx_HAL_Driver/Src/stm32f4xx_hal_rcc.o
 .debug_aranges
                0x00000888      0x208 ./Drivers/STM32F4xx_HAL_Driver/Src/stm32f4xx_hal_uart.o

.debug_rnglists
                0x00000000      0x825
 .debug_rnglists
                0x00000000       0x19 ./Core/Src/display_controller.o
 .debug_rnglists
                0x00000019       0x32 ./Core/Src/main.o
 .debug_rnglists
                0x0000004b       0x25 ./Core/Src/serial_protocol.o
 .debug_rnglists
                0x00000070       0x2d ./Core/Src/stm32f4xx_hal_msp.o
 .debug_rnglists
                0x0000009d       0x43 ./Core/Src/stm32f4xx_it.o
 .debug_rnglists
                0x000000e0       0x1a ./Core/Src/system_stm32f4xx.o
 .debug_rnglists
                0x000000fa       0x32 ./Core/Src/uart_input.o
 .debug_rnglists
                0x0000012c       0x19 ./Core/Startup/startup_stm32f401retx.o
 .debug_rnglists
                0x00000145       0xb4 ./Drivers/SSD1306/Src/ssd1306.o
 .debug_rnglists
                0x000001f9       0xaf ./Drivers/STM32F4xx_HAL_Driver/Src/stm32f4xx_hal.o
 .debug_rnglists
                0x000002a8       0xe0 ./Drivers/STM32F4xx_HAL_Driver/Src/stm32f4xx_hal_cortex.o
 .debug_rnglists
                0x00000388       0x3f ./Drivers/STM32F4xx_HAL_Driver/Src/stm32f4xx_hal_gpio.o
 .debug_rnglists
                0x000003c7      0x23c ./Drivers/STM32F4xx_HAL_Driver/Src/stm32f4xx_hal_i2c.o
 .debug_rnglists
                0x00000603       0x66 ./Drivers/STM32F4xx_HAL_Driver/Src/stm32f4xx_hal_rcc.o
 .debug_rnglists
                0x00000669      0x1bc ./Drivers/STM32F4xx_HAL_Driver/Src/stm32f4xx_hal_uart.o

.debug_macro    0x00000000    0x1640c
 .debug_macro   0x00000000      0x237 ./Core/Src/display_controller.o
 .debug_macro   0x00000237      0xad8 ./Core/Src/display_controller.o
 .debug_macro   0x00000d0f      0x190 ./Core/Src/display_controller.o
 .debug_macro   0x00000e9f       0x22 ./Core/Src/display_controller.o
 .debug_macro   0x00000ec1       0x8e ./Core/Src/display_controller.o
 .debug_macro   0x00000f4f       0x51 ./Core/Src/display_controller.o
 .debug_macro   0x00000fa0      0x103 ./Core/Src/display_controller.o
 .debug_macro   0x000010a3       0x6a ./Core/Src/display_controller.o
 .debug_macro   0x0000110d      0x1df ./Core/Src/display_controller.o
 .debug_macro   0x000012ec       0x61 ./Core/Src/display_controller.o
 .debug_macro   0x0000134d       0x2a ./Core/Src/display_controller.o
 .debug_macro   0x00001377       0x43 ./Core/Src/display_controller.o
 .debug_macro   0x000013ba       0x34 ./Core/Src/display_controller.o
 .debug_macro   0x000013ee       0x3a ./Core/Src/display_controller.o
 .debug_macro   0x00001428      0x29b ./Core/Src/display_controller.o
 .debug_macro   0x000016c3       0x28 ./Core/Src/display_controller.o
 .debug_macro   0x000016eb       0x28 ./Core/Src/display_controller.o
 .debug_macro   0x00001713       0x1c ./Core/Src/display_controller.o
 .debug_macro   0x0000172f       0x22 ./Core/Src/display_controller.o
 .debug_macro   0x00001751       0xfb ./Core/Src/display_controller.o
 .debug_macro   0x0000184c     0x1011 ./Core/Src/display_controller.o
 .debug_macro   0x0000285d      0x11f ./Core/Src/display_controller.o
 .debug_macro   0x0000297c     0xb881 ./Core/Src/display_controller.o
 .debug_macro   0x0000e1fd       0x6d ./Core/Src/display_controller.o
 .debug_macro   0x0000e26a     0x3693 ./Core/Src/display_controller.o
 .debug_macro   0x000118fd       0x5c ./Core/Src/display_controller.o
 .debug_macro   0x00011959      0x416 ./Core/Src/display_controller.o
 .debug_macro   0x00011d6f      0x9e9 ./Core/Src/display_controller.o
 .debug_macro   0x00012758      0x115 ./Core/Src/display_controller.o
 .debug_macro   0x0001286d       0xf8 ./Core/Src/display_controller.o
 .debug_macro   0x00012965       0xa5 ./Core/Src/display_controller.o
 .debug_macro   0x00012a0a      0x15f ./Core/Src/display_controller.o
 .debug_macro   0x00012b69      0x287 ./Core/Src/display_controller.o
 .debug_macro   0x00012df0       0x5f ./Core/Src/display_controller.o
 .debug_macro   0x00012e4f      0x236 ./Core/Src/display_controller.o
 .debug_macro   0x00013085      0x132 ./Core/Src/display_controller.o
 .debug_macro   0x000131b7      0x264 ./Core/Src/display_controller.o
 .debug_macro   0x0001341b       0x2e ./Core/Src/display_controller.o
 .debug_macro   0x00013449      0x1b5 ./Core/Src/display_controller.o
 .debug_macro   0x000135fe       0x22 ./Core/Src/display_controller.o
 .debug_macro   0x00013620       0xd6 ./Core/Src/display_controller.o
 .debug_macro   0x000136f6      0x127 ./Core/Src/display_controller.o
 .debug_macro   0x0001381d       0x85 ./Core/Src/display_controller.o
 .debug_macro   0x000138a2       0x89 ./Core/Src/display_controller.o
 .debug_macro   0x0001392b      0x2aa ./Core/Src/display_controller.o
 .debug_macro   0x00013bd5      0x126 ./Core/Src/display_controller.o
 .debug_macro   0x00013cfb       0x4c ./Core/Src/display_controller.o
 .debug_macro   0x00013d47      0x2cf ./Core/Src/main.o
 .debug_macro   0x00014016       0x2e ./Core/Src/main.o
 .debug_macro   0x00014044      0x364 ./Core/Src/main.o
 .debug_macro   0x000143a8       0x16 ./Core/Src/main.o
 .debug_macro   0x000143be       0x4a ./Core/Src/main.o
 .debug_macro   0x00014408       0x34 ./Core/Src/main.o
 .debug_macro   0x0001443c       0x10 ./Core/Src/main.o
 .debug_macro   0x0001444c       0x58 ./Core/Src/main.o
 .debug_macro   0x000144a4       0x8e ./Core/Src/main.o
 .debug_macro   0x00014532       0x1c ./Core/Src/main.o
 .debug_macro   0x0001454e      0x17e ./Core/Src/main.o
 .debug_macro   0x000146cc       0x10 ./Core/Src/main.o
 .debug_macro   0x000146dc       0x3c ./Core/Src/main.o
 .debug_macro   0x00014718       0x20 ./Core/Src/main.o
 .debug_macro   0x00014738      0x2b7 ./Core/Src/serial_protocol.o
 .debug_macro   0x000149ef      0x1dd ./Core/Src/stm32f4xx_hal_msp.o
 .debug_macro   0x00014bcc      0x1e7 ./Core/Src/stm32f4xx_it.o
 .debug_macro   0x00014db3      0x1d3 ./Core/Src/system_stm32f4xx.o
 .debug_macro   0x00014f86      0x1e3 ./Core/Src/uart_input.o
 .debug_macro   0x00015169      0x2fe ./Drivers/SSD1306/Src/ssd1306.o
 .debug_macro   0x00015467      0x19b ./Drivers/SSD1306/Src/ssd1306.o
 .debug_macro   0x00015602       0x16 ./Drivers/SSD1306/Src/ssd1306.o
 .debug_macro   0x00015618      0x229 ./Drivers/SSD1306/Src/ssd1306_fonts.o
 .debug_macro   0x00015841      0x233 ./Drivers/STM32F4xx_HAL_Driver/Src/stm32f4xx_hal.o
 .debug_macro   0x00015a74      0x1d3 ./Drivers/STM32F4xx_HAL_Driver/Src/stm32f4xx_hal_cortex.o
 .debug_macro   0x00015c47      0x1d9 ./Drivers/STM32F4xx_HAL_Driver/Src/stm32f4xx_hal_gpio.o
 .debug_macro   0x00015e20      0x221 ./Drivers/STM32F4xx_HAL_Driver/Src/stm32f4xx_hal_i2c.o
 .debug_macro   0x00016041      0x1f7 ./Drivers/STM32F4xx_HAL_Driver/Src/stm32f4xx_hal_rcc.o
 .debug_macro   0x00016238      0x1d4 ./Drivers/STM32F4xx_HAL_Driver/Src/stm32f4xx_hal_uart.o

.debug_line     0x00000000     0xe85e
 .debug_line    0x00000000      0x8e0 ./Core/Src/display_controller.o
 .debug_line    0x000008e0      0xa0d ./Core/Src/main.o
 .debug_line    0x000012ed      0x938 ./Core/Src/serial_protocol.o
 .debug_line    0x00001c25      0x7e5 ./Core/Src/stm32f4xx_hal_msp.o
 .debug_line    0x0000240a      0x7f9 ./Core/Src/stm32f4xx_it.o
 .debug_line    0x00002c03      0x7c0 ./Core/Src/system_stm32f4xx.o
 .debug_line    0x000033c3      0x83a ./Core/Src/uart_input.o
 .debug_line    0x00003bfd       0x7a ./Core/Startup/startup_stm32f401retx.o
 .debug_line    0x00003c77     0x11fc ./Drivers/SSD1306/Src/ssd1306.o
 .debug_line    0x00004e73      0x893 ./Drivers/SSD1306/Src/ssd1306_fonts.o
 .debug_line    0x00005706      0xa3f ./Drivers/STM32F4xx_HAL_Driver/Src/stm32f4xx_hal.o
 .debug_line    0x00006145      0xd0c ./Drivers/STM32F4xx_HAL_Driver/Src/stm32f4xx_hal_cortex.o
 .debug_line    0x00006e51      0xb55 ./Drivers/STM32F4xx_HAL_Driver/Src/stm32f4xx_hal_gpio.o
 .debug_line    0x000079a6     0x3ae9 ./Drivers/STM32F4xx_HAL_Driver/Src/stm32f4xx_hal_i2c.o
 .debug_line    0x0000b48f      0xe4b ./Drivers/STM32F4xx_HAL_Driver/Src/stm32f4xx_hal_rcc.o
 .debug_line    0x0000c2da     0x2584 ./Drivers/STM32F4xx_HAL_Driver/Src/stm32f4xx_hal_uart.o

.debug_str      0x00000000    0x87e2f
 .debug_str     0x00000000    0x87e2f ./Core/Src/display_controller.o
                              0x8140c (size before relaxing)
 .debug_str     0x00087e2f    0x84a2b ./Core/Src/main.o
 .debug_str     0x00087e2f    0x84589 ./Core/Src/serial_protocol.o
 .debug_str     0x00087e2f    0x8169e ./Core/Src/stm32f4xx_hal_msp.o
 .debug_str     0x00087e2f    0x80e56 ./Core/Src/stm32f4xx_it.o
 .debug_str     0x00087e2f    0x80f92 ./Core/Src/system_stm32f4xx.o
 .debug_str     0x00087e2f    0x8135a ./Core/Src/uart_input.o
 .debug_str     0x00087e2f       0x7c ./Core/Startup/startup_stm32f401retx.o
 .debug_str     0x00087e2f    0x85402 ./Drivers/SSD1306/Src/ssd1306.o
 .debug_str     0x00087e2f    0x813a9 ./Drivers/SSD1306/Src/ssd1306_fonts.o
 .debug_str     0x00087e2f    0x819b4 ./Drivers/STM32F4xx_HAL_Driver/Src/stm32f4xx_hal.o
 .debug_str     0x00087e2f    0x8171e ./Drivers/STM32F4xx_HAL_Driver/Src/stm32f4xx_hal_cortex.o
 .debug_str     0x00087e2f    0x8110d ./Drivers/STM32F4xx_HAL_Driver/Src/stm32f4xx_hal_gpio.o
 .debug_str     0x00087e2f    0x81fa3 ./Drivers/STM32F4xx_HAL_Driver/Src/stm32f4xx_hal_i2c.o
 .debug_str     0x00087e2f    0x813c6 ./Drivers/STM32F4xx_HAL_Driver/Src/stm32f4xx_hal_rcc.o
 .debug_str     0x00087e2f    0x81995 ./Drivers/STM32F4xx_HAL_Driver/Src/stm32f4xx_hal_uart.o

.comment        0x00000000       0x43
 .comment       0x00000000       0x43 ./Core/Src/display_controller.o
                                 0x44 (size before relaxing)
 .comment       0x00000043       0x44 ./Core/Src/main.o
 .comment       0x00000043       0x44 ./Core/Src/serial_protocol.o
 .comment       0x00000043       0x44 ./Core/Src/stm32f4xx_hal_msp.o
 .comment       0x00000043       0x44 ./Core/Src/stm32f4xx_it.o
 .comment       0x00000043       0x44 ./Core/Src/system_stm32f4xx.o
 .comment       0x00000043       0x44 ./Core/Src/uart_input.o
 .comment       0x00000043       0x44 ./Drivers/SSD1306/Src/ssd1306.o
 .comment       0x00000043       0x44 ./Drivers/SSD1306/Src/ssd1306_fonts.o
 .comment       0x00000043       0x44 ./Drivers/STM32F4xx_HAL_Driver/Src/stm32f4xx_hal.o
 .comment       0x00000043       0x44 ./Drivers/STM32F4xx_HAL_Driver/Src/stm32f4xx_hal_cortex.o
 .comment       0x00000043       0x44 ./Drivers/STM32F4xx_HAL_Driver/Src/stm32f4xx_hal_gpio.o
 .comment       0x00000043       0x44 ./Drivers/STM32F4xx_HAL_Driver/Src/stm32f4xx_hal_i2c.o
 .comment       0x00000043       0x44 ./Drivers/STM32F4xx_HAL_Driver/Src/stm32f4xx_hal_rcc.o
 .comment       0x00000043       0x44 ./Drivers/STM32F4xx_HAL_Driver/Src/stm32f4xx_hal_uart.o

.debug_frame    0x00000000     0x28bc
 .debug_frame   0x00000000       0x50 ./Core/Src/display_controller.o
 .debug_frame   0x00000050       0xc4 ./Core/Src/main.o
 .debug_frame   0x00000114       0x90 ./Core/Src/serial_protocol.o
 .debug_frame   0x000001a4       0xc4 ./Core/Src/stm32f4xx_hal_msp.o
 .debug_frame   0x00000268       0xf8 ./Core/Src/stm32f4xx_it.o
 .debug_frame   0x00000360       0x50 ./Core/Src/system_stm32f4xx.o
 .debug_frame   0x000003b0       0xd8 ./Core/Src/uart_input.o
 .debug_frame   0x00000488      0x3cc ./Drivers/SSD1306/Src/ssd1306.o
 .debug_frame   0x00000854      0x31c ./Drivers/STM32F4xx_HAL_Driver/Src/stm32f4xx_hal.o
 .debug_frame   0x00000b70      0x4b8 ./Drivers/STM32F4xx_HAL_Driver/Src/stm32f4xx_hal_cortex.o
 .debug_frame   0x00001028      0x130 ./Drivers/STM32F4xx_HAL_Driver/Src/stm32f4xx_hal_gpio.o
 .debug_frame   0x00001158      0xbf4 ./Drivers/STM32F4xx_HAL_Driver/Src/stm32f4xx_hal_i2c.o
 .debug_frame   0x00001d4c      0x1d8 ./Drivers/STM32F4xx_HAL_Driver/Src/stm32f4xx_hal_rcc.o
 .debug_frame   0x00001f24      0x8ec ./Drivers/STM32F4xx_HAL_Driver/Src/stm32f4xx_hal_uart.o
 .debug_frame   0x00002810       0x20 C:/ST/STM32CubeIDE_2.1.1/STM32CubeIDE/plugins/com.st.stm32cube.ide.mcu.externaltools.gnu-tools-for-stm32.14.3.rel1.win32_1.0.100.202602081740/tools/bin/../lib/gcc/arm-none-eabi/14.3.1/../../../../arm-none-eabi/lib/thumb/v7e-m+fp/hard\libc_nano.a(libc_a-memset.o)
 .debug_frame   0x00002830       0x2c C:/ST/STM32CubeIDE_2.1.1/STM32CubeIDE/plugins/com.st.stm32cube.ide.mcu.externaltools.gnu-tools-for-stm32.14.3.rel1.win32_1.0.100.202602081740/tools/bin/../lib/gcc/arm-none-eabi/14.3.1/../../../../arm-none-eabi/lib/thumb/v7e-m+fp/hard\libc_nano.a(libc_a-init.o)
 .debug_frame   0x0000285c       0x2c C:/ST/STM32CubeIDE_2.1.1/STM32CubeIDE/plugins/com.st.stm32cube.ide.mcu.externaltools.gnu-tools-for-stm32.14.3.rel1.win32_1.0.100.202602081740/tools/bin/../lib/gcc/arm-none-eabi/14.3.1/thumb/v7e-m+fp/hard\libgcc.a(_aeabi_uldivmod.o)
 .debug_frame   0x00002888       0x34 C:/ST/STM32CubeIDE_2.1.1/STM32CubeIDE/plugins/com.st.stm32cube.ide.mcu.externaltools.gnu-tools-for-stm32.14.3.rel1.win32_1.0.100.202602081740/tools/bin/../lib/gcc/arm-none-eabi/14.3.1/thumb/v7e-m+fp/hard\libgcc.a(_udivmoddi4.o)

.debug_line_str
                0x00000000       0x60
 .debug_line_str
                0x00000000       0x60 ./Core/Startup/startup_stm32f401retx.o
